I'm sorry, but errors were detected in your script. Please correct the
errors listed below, and try again.


File "game/script.rpy", line 181: Line is indented, but the preceding ATL statement does not expect a block. Please check this line's indentation.
    "gryphairmon_wings.png"
    ^

Ren'Py Version: Ren'Py 7.0.0.196
Sat Jul 28 21:43:58 2018
